INFO:root:Test log message
